// Vitest Snapshot v1, https://vitest.dev/guide/snapshot.html

exports[`eligibility across the whole inbox > matches the recorded per-referral counts 1`] = `
[
  {
    "county": "Whitley",
    "eligible": 0,
    "judgment": true,
    "qualified": 0,
    "referralId": "R770000",
    "service": "Insurance/Medicaid Referrals",
  },
  {
    "county": "Noble",
    "eligible": 0,
    "judgment": true,
    "qualified": 0,
    "referralId": "R770001",
    "service": "Insurance/Medicaid Referrals",
  },
  {
    "county": "Wells",
    "eligible": 0,
    "judgment": false,
    "qualified": 5,
    "referralId": "R770002",
    "service": "Supervised Visitation Paraprofessional",
  },
  {
    "county": "Adams",
    "eligible": 2,
    "judgment": false,
    "qualified": 3,
    "referralId": "R770003",
    "service": "FCT",
  },
  {
    "county": "DeKalb",
    "eligible": 0,
    "judgment": false,
    "qualified": 0,
    "referralId": "R770004",
    "service": "Fatherhood Engagement",
  },
  {
    "county": "Noble",
    "eligible": 2,
    "judgment": false,
    "qualified": 2,
    "referralId": "R770005",
    "service": "FCT",
  },
  {
    "county": "Whitley",
    "eligible": 2,
    "judgment": false,
    "qualified": 5,
    "referralId": "R770006",
    "service": "Supervised Visitation Paraprofessional",
  },
  {
    "county": "Whitley",
    "eligible": 0,
    "judgment": false,
    "qualified": 0,
    "referralId": "R770007",
    "service": "Home-Based Therapy",
  },
  {
    "county": "Whitley",
    "eligible": 0,
    "judgment": false,
    "qualified": 0,
    "referralId": "R770008",
    "service": "Home-Based Therapy",
  },
  {
    "county": "Wabash",
    "eligible": 1,
    "judgment": false,
    "qualified": 3,
    "referralId": "R770009",
    "service": "Abuse Intervention Program",
  },
  {
    "county": "Kosciusko",
    "eligible": 5,
    "judgment": false,
    "qualified": 5,
    "referralId": "R770010",
    "service": "FCT",
  },
  {
    "county": "Allen",
    "eligible": 1,
    "judgment": false,
    "qualified": 1,
    "referralId": "R770011",
    "service": "Home-Based Therapy",
  },
  {
    "county": "Whitley",
    "eligible": 2,
    "judgment": false,
    "qualified": 4,
    "referralId": "R770012",
    "service": "Abuse Intervention Program",
  },
  {
    "county": "LaGrange",
    "eligible": 1,
    "judgment": false,
    "qualified": 3,
    "referralId": "R770013",
    "service": "Counseling",
  },
  {
    "county": "Wabash",
    "eligible": 2,
    "judgment": false,
    "qualified": 5,
    "referralId": "R770014",
    "service": "Supervised Visitation Paraprofessional",
  },
  {
    "county": "Huntington",
    "eligible": 0,
    "judgment": true,
    "qualified": 1,
    "referralId": "R770015",
    "service": "Substance Abuse Group",
  },
  {
    "county": "LaGrange",
    "eligible": 1,
    "judgment": false,
    "qualified": 2,
    "referralId": "R770016",
    "service": "Fatherhood Engagement",
  },
  {
    "county": "LaGrange",
    "eligible": 2,
    "judgment": false,
    "qualified": 3,
    "referralId": "R770017",
    "service": "Supervised Visitation Paraprofessional",
  },
  {
    "county": "LaGrange",
    "eligible": 1,
    "judgment": false,
    "qualified": 2,
    "referralId": "R770018",
    "service": "Abuse Intervention Program",
  },
  {
    "county": "Allen",
    "eligible": 2,
    "judgment": false,
    "qualified": 2,
    "referralId": "R770019",
    "service": "Abuse Intervention Program",
  },
  {
    "county": "LaGrange",
    "eligible": 1,
    "judgment": false,
    "qualified": 2,
    "referralId": "R770020",
    "service": "Homebase Casework",
  },
  {
    "county": "Kosciusko",
    "eligible": 0,
    "judgment": false,
    "qualified": 0,
    "referralId": "R770021",
    "service": "Homemaker Parent Aid",
  },
  {
    "county": "Wabash",
    "eligible": 1,
    "judgment": false,
    "qualified": 2,
    "referralId": "R770022",
    "service": "FCT",
  },
  {
    "county": "Huntington",
    "eligible": 0,
    "judgment": true,
    "qualified": 1,
    "referralId": "R770023",
    "service": "Insurance/Medicaid Referrals",
  },
  {
    "county": "Wells",
    "eligible": 0,
    "judgment": false,
    "qualified": 1,
    "referralId": "R770024",
    "service": "Counseling",
  },
  {
    "county": "Allen",
    "eligible": 2,
    "judgment": false,
    "qualified": 2,
    "referralId": "R770025",
    "service": "Supervised Visitation Traditional",
  },
  {
    "county": "Noble",
    "eligible": 0,
    "judgment": false,
    "qualified": 0,
    "referralId": "R770026",
    "service": "Supervised Visitation Traditional",
  },
  {
    "county": "LaGrange",
    "eligible": 0,
    "judgment": false,
    "qualified": 0,
    "referralId": "R770027",
    "service": "Family Preservation",
  },
  {
    "county": "Noble",
    "eligible": 0,
    "judgment": false,
    "qualified": 0,
    "referralId": "R770028",
    "service": "Fatherhood Engagement",
  },
  {
    "county": "Huntington",
    "eligible": 0,
    "judgment": false,
    "qualified": 1,
    "referralId": "R770029",
    "service": "Domestic Violence Therapy",
  },
]
`;
